// Jest Snapshot v1, https://goo.gl/fbAQLP

exports[`Render Post correctly 1`] = `
<div
  data-testid="post"
>
  <div>
    <h5>
      <a
        class="link"
        href="/user/1"
      >
        <span
          class="text-white"
        >
          Venkatesh
        </span>
      </a>
    </h5>
  </div>
  <div>
    <p>
      <a
        class="link"
        href="/post/1"
      >
        <span
          class="text-off-white"
        >
          React coding
        </span>
      </a>
    </p>
  </div>
</div>
`;
